[mutationmedia.net/TASTY/index04b9.html]
[backblue.gif]
[fade.gif]
[index.html]
[mutationmedia.net/TASTY/img/1.jpg]
[mutationmedia.net/TASTY/img/3.jpg]
[mutationmedia.net/TASTY/img/4.jpg]
[mutationmedia.net/TASTY/img/signature.png]
[mutationmedia.net/TASTY/img/5.jpg]
[mutationmedia.net/TASTY/img/6.jpg]
[mutationmedia.net/TASTY/img/7.jpg]
[mutationmedia.net/TASTY/img/8.jpg]
[mutationmedia.net/TASTY/img/9.jpg]
[mutationmedia.net/TASTY/img/11.jpg]
[mutationmedia.net/TASTY/img/12.jpg]
[mutationmedia.net/TASTY/img/13.jpg]
[mutationmedia.net/TASTY/js/jquery-1.12.4.min.js]
[mutationmedia.net/TASTY/js/jquery.flexslider-min.js]
[mutationmedia.net/TASTY/js/smooth-scroll.js]
[mutationmedia.net/TASTY/js/jquery.validate.min.js]
[mutationmedia.net/TASTY/js/placeholders.min.js]
[mutationmedia.net/TASTY/js/script.js]
[mutationmedia.net/TASTY/index04b9.html]
[fonts.googleapis.com/css99af.css]
[fonts.googleapis.com/css8f84.css]
[fonts.googleapis.com/css530e.css]
[mutationmedia.net/TASTY/css/bootstrap.css]
[mutationmedia.net/TASTY/css/base.css]
[mutationmedia.net/TASTY/css/main.css]
[mutationmedia.net/TASTY/css/flexslider.css]
[mutationmedia.net/TASTY/font/Lato-Medium.eot]
[mutationmedia.net/TASTY/font/Lato-Medium.woff]
[mutationmedia.net/TASTY/font/Lato-Medium.ttf]
[mutationmedia.net/TASTY/font/Lato-Medium.svg]
[mutationmedia.net/TASTY/font/fontellob69f.eot]
[mutationmedia.net/TASTY/font/fontellob69f.woff2]
[mutationmedia.net/TASTY/font/fontellob69f.woff]
[mutationmedia.net/TASTY/font/fontellob69f.ttf]
[mutationmedia.net/TASTY/css/fonts.css]
[mutationmedia.net/TASTY/img/2.jpg]
[mutationmedia.net/TASTY/font/Lato-Medium.html]
[mutationmedia.net/TASTY/font/fontellob69f.svg]
